Initial Win CP for (console input, console output, system): (CP437, CP437, CP1252)
I changed them all to CP1252
Rc files read (in order):
  NONE
Latexmk: Run number 1 of rule 'pdflatex'
This is pdfTeX, Version 3.141592653-2.6-1.40.29 (TeX Live 2026) (preloaded format=pdflatex)
 restricted \write18 enabled.
entering extended mode
Latexmk: Getting log file 'main.log'
Latexmk: Missing bbl file 'main.bbl' in following:
 No file main.bbl.
Latexmk: Using bibtex to make bibliography file(s).
  ===Source file 'main.bbl' for 'pdflatex'
Create bibtex main
Latexmk: Run number 1 of rule 'bibtex main'
Latexmk: Run number 2 of rule 'pdflatex'
This is pdfTeX, Version 3.141592653-2.6-1.40.29 (TeX Live 2026) (preloaded format=pdflatex)
 restricted \write18 enabled.
entering extended mode
Latexmk: Getting log file 'main.log'
Latexmk: Using bibtex to make bibliography file(s).
  ===Source file 'main.bbl' for 'pdflatex'
Latexmk: Run number 2 of rule 'bibtex main'
Latexmk: Run number 3 of rule 'pdflatex'
This is pdfTeX, Version 3.141592653-2.6-1.40.29 (TeX Live 2026) (preloaded format=pdflatex)
 restricted \write18 enabled.
entering extended mode
Latexmk: Getting log file 'main.log'
Latexmk: Using bibtex to make bibliography file(s).
  ===Source file 'main.bbl' for 'pdflatex'
Latexmk: Run number 3 of rule 'bibtex main'
Latexmk: Run number 4 of rule 'pdflatex'
This is pdfTeX, Version 3.141592653-2.6-1.40.29 (TeX Live 2026) (preloaded format=pdflatex)
 restricted \write18 enabled.
entering extended mode
Latexmk: Getting log file 'main.log'
Latexmk: Using bibtex to make bibliography file(s).
  ===Source file 'main.bbl' for 'pdflatex'
Latexmk: Summary of warnings from last run of *latex:
  Latex found 2 multiply defined reference(s)
Latexmk: ====Problematic refs and citations with line #s in .tex file:
  Label `tab:data' multiply defined
  Label `tab:data@cref' multiply defined

Reverting Windows console CPs to (in,out) = (437,437)
